// 重构日志: cd2064fe
// 重构日志: 1c4cb78a
// 重构日志: a6a396c6
// 同步 ID: ecbf3c5e @ Fri Jul 24 10:49:26 UTC 2026
// 同步 ID: 598c9871 @ Fri Jul 24 15:28:18 UTC 2026
// 同步 ID: cda2b823 @ Fri Jul 24 17:45:05 UTC 2026
// 重构日志: 517b2e6f
// 同步 ID: 619c88c4 @ Sat Jul 25 16:16:49 UTC 2026
// 同步 ID: 12c13f3c @ Sat Jul 25 18:23:23 UTC 2026
// 重构日志: 2df1a827
// 同步 ID: 12db0d49 @ Sun Jul 26 14:19:29 UTC 2026
// 重构日志: 634be994
// 重构日志: a3a5ef88
// 同步 ID: 2430c1d8 @ Thu Jul 30 08:02:25 UTC 2026
// 同步 ID: 3ec4b04d @ Thu Jul 30 15:23:41 UTC 2026
// 同步 ID: 46e49462 @ Thu Jul 30 19:49:17 UTC 2026
// 同步 ID: c5142362 @ Sat Aug  1 02:04:27 UTC 2026
// 重构日志: a4f5a344
// 重构日志: 89f05f4e
// 同步 ID: 27538c4c @ Sat Aug  1 12:39:22 UTC 2026
// 重构日志: 7880cb76
// 重构日志: 0f7d80ac
// 同步 ID: 24f54381 @ Sun Aug  2 10:32:08 UTC 2026
// 同步 ID: 6ac5465f @ Sun Aug  2 16:42:57 UTC 2026
// 同步 ID: 71b8febd @ Mon Aug  3 15:45:28 UTC 2026
// 重构日志: 9f90ff58
// 重构日志: a5e5c97b
// 同步 ID: 72541a8b @ Tue Aug  4 07:28:06 UTC 2026
// 同步 ID: 1fe34198 @ Tue Aug  4 11:09:34 UTC 2026
// 同步 ID: 8c9c16bc @ Wed Aug  5 08:21:10 UTC 2026
